[hepestcontol.com/index.html]
[backblue.gif]
[fade.gif]
[index.html]
[hepestcontol.com/css/bootstrap.min.css]
[hepestcontol.com/css/font-awesome.min.css]
[hepestcontol.com/css/nivo-lightbox.css]
[hepestcontol.com/css/nivo_themes/default/default.css]
[hepestcontol.com/css/templatemo-style.css]
[hepestcontol.com/images/pslogo.jpg]
[hepestcontol.com/index-2.html]
[hepestcontol.com/about.html]
[hepestcontol.com/portfolio.html]
[hepestcontol.com/contact.html]
[hepestcontol.com/images/ps1.webp]
[hepestcontol.com/images/pc1.jpg]
[hepestcontol.com/images/ps.webp]
[hepestcontol.com/js/jquery.js]
[hepestcontol.com/js/bootstrap.min.js]
[hepestcontol.com/js/nivo-lightbox.min.js]
[hepestcontol.com/js/custom.js]
[hepestcontol.com/index.html]
[hepestcontol.com/fonts/glyphicons-halflings-regular.eot]
[hepestcontol.com/fonts/glyphicons-halflings-regulard41d.eot]
[hepestcontol.com/fonts/glyphicons-halflings-regular.woff2]
[hepestcontol.com/fonts/glyphicons-halflings-regular.woff]
[hepestcontol.com/fonts/glyphicons-halflings-regular.ttf]
[hepestcontol.com/css/bootstrap.min.css]
[hepestcontol.com/fonts/glyphicons-halflings-regular.svg]
[hepestcontol.com/fonts/fontawesome-webfonte0a5.eot]
[hepestcontol.com/fonts/fontawesome-webfontd41d.eot]
[hepestcontol.com/fonts/fontawesome-webfonte0a5.woff2]
[hepestcontol.com/fonts/fontawesome-webfonte0a5.woff]
[hepestcontol.com/fonts/fontawesome-webfonte0a5.ttf]
[hepestcontol.com/css/font-awesome.min.css]
[hepestcontol.com/css/nivo-lightbox.css]
[hepestcontol.com/fonts/fontawesome-webfonte0a5.svg]
[hepestcontol.com/css/nivo_themes/default/loading.gif]
[hepestcontol.com/css/nivo_themes/default/prev.png]
[hepestcontol.com/css/nivo_themes/default/next.png]
[hepestcontol.com/css/nivo_themes/default/close.png]
[hepestcontol.com/css/nivo_themes/default/loading@2x.gif]
[hepestcontol.com/css/nivo_themes/default/prev@2x.png]
[hepestcontol.com/css/nivo_themes/default/next@2x.png]
[hepestcontol.com/css/nivo_themes/default/close@2x.png]
[hepestcontol.com/css/nivo_themes/default/default.css]
[hepestcontol.com/images/home-bg.jpg]
[hepestcontol.com/css/templatemo-style.css]
[hepestcontol.com/index-2.html]
[hepestcontol.com/images/ps2.webp]
[hepestcontol.com/about.html]
[hepestcontol.com/portfolio.html]
[hepestcontol.com/contact.html]
[hepestcontol.com/images/pc.html]
[hepestcontol.com/fonts/glyphicons-halflings-regular.svg]
[hepestcontol.com/fonts/fontawesome-webfonte0a5.svg]
[hepestcontol.com/images/ps1.webp.html]
[hepestcontol.com/images/ps2.html]
[hepestcontol.com/images.j/pc.html]
